0 verbose cli /nix/store/vs03s8q30qg698zzpbszk08j4shb0gsl-nodejs-slim-22.22.2/bin/node /nix/store/6x6v11xjf0psckgqmyhfyhw9bdma0rn6-nodejs-22.22.2/bin/npm
1 info using npm@10.9.7
2 info using node@v22.22.2
3 silly config load:file:/nix/store/9ajfmqyg0y8y60jhxzd5x1zwqd3l39yn-nodejs-slim-22.22.2-npm/lib/node_modules/npm/npmrc
4 silly config load:file:/home/jaren/my-site/.npmrc
5 silly config load:file:/home/jaren/.npmrc
6 silly config load:file:/nix/store/vs03s8q30qg698zzpbszk08j4shb0gsl-nodejs-slim-22.22.2/etc/npmrc
7 verbose title npm run dev --host 127.0.0.1
8 verbose argv "run" "dev" "--" "--host" "127.0.0.1"
9 verbose logfile logs-max:10 dir:/home/jaren/my-site/.npm-cache/_logs/2026-08-25T08_24_42_088Z-
10 verbose logfile /home/jaren/my-site/.npm-cache/_logs/2026-08-25T08_24_42_088Z-debug-0.log
11 silly logfile done cleaning log files
12 http fetch GET 200 https://registry.npmjs.org/npm 241ms
13 verbose cwd /home/jaren/my-site
14 verbose os Linux 6.18.45
15 verbose node v22.22.2
16 verbose npm  v10.9.7
17 notice
17 notice New major version of npm available! 10.9.7 -> 12.0.2
17 notice Changelog: https://github.com/npm/cli/releases/tag/v12.0.2
17 notice To update run: npm install -g npm@12.0.2
17 notice  { force: true, [Symbol(proc-log.meta)]: true }
18 verbose exit 0
19 info ok
