0 verbose cli /nix/store/vs03s8q30qg698zzpbszk08j4shb0gsl-nodejs-slim-22.22.2/bin/node /nix/store/6x6v11xjf0psckgqmyhfyhw9bdma0rn6-nodejs-22.22.2/bin/npm
1 info using npm@10.9.7
2 info using node@v22.22.2
3 silly config load:file:/nix/store/9ajfmqyg0y8y60jhxzd5x1zwqd3l39yn-nodejs-slim-22.22.2-npm/lib/node_modules/npm/npmrc
4 silly config load:file:/home/jaren/my-site/.npmrc
5 silly config load:file:/home/jaren/.npmrc
6 silly config load:file:/nix/store/vs03s8q30qg698zzpbszk08j4shb0gsl-nodejs-slim-22.22.2/etc/npmrc
7 verbose title npm install
8 verbose argv "install" "--package-lock-only" "--ignore-scripts"
9 verbose logfile logs-max:10 dir:/home/jaren/my-site/.npm-cache/_logs/2026-08-25T08_24_10_976Z-
10 verbose logfile /home/jaren/my-site/.npm-cache/_logs/2026-08-25T08_24_10_976Z-debug-0.log
11 silly logfile done cleaning log files
12 silly packumentCache heap:4345298944 maxSize:1086324736 maxEntrySize:543162368
13 silly idealTree buildDeps
14 http cache https://registry.npmjs.org/@tailwindcss/oxide-wasm32-wasi/-/oxide-wasm32-wasi-4.1.17.tgz 0ms (cache hit)
15 silly tarball no local data for https://registry.npmjs.org/@tailwindcss/oxide-wasm32-wasi/-/oxide-wasm32-wasi-4.1.17.tgz. Extracting by manifest.
16 http fetch GET 200 https://registry.npmjs.org/@tailwindcss/oxide-wasm32-wasi/-/oxide-wasm32-wasi-4.1.17.tgz 360ms (cache miss)
17 verbose cwd /home/jaren/my-site
18 verbose os Linux 6.18.45
19 verbose node v22.22.2
20 verbose npm  v10.9.7
21 verbose exit 0
22 info ok
